## The raw wiktionary tag is preprocessed by the regular expression
## "\\{+(.+?)\\|.+?\\}.*|\\{+(.+?)\\}.*|(.+?)\\|.+|(.+)" 
## to extract the label
## lines starts with # should be skipped.
ABBREVIATION	NOUN
ACRONYM	NOUN
ADJECTIVE	ADJ
ADJECTIVE 1	ADJ
ADJECTIVE FORM	ADJ
ADNOMINAL	ADJ
ADVERB	ADV
#AFFIX	  
ARTICLE	DET
AVERB	ADV
#BRIVLA
CARDINAL NUMBER	NUM
CARDINAL NUMERAL	NUM
#CIRCUMFIX	
#CIRCUMPOSITION
#CLASSIFIER
#CLITIC
#CMAVO
#COMBINED-KANA CHARACTER
#COMBINING FORM
#COMPOUNDS
#CONJUGATION
CONJUNCTION	CONJ
#CONTRACTION
#CONTROL CHARACTER
#CORRELATIVE
#COUNTER
#DERIVED TERMS
#DESCENDANTS
DETERMIMER	DET
DETERMINER	DET
#DIACRITICAL MARK
#ENGLISH
#ESPERANTO
#ETYMOLOGY
#EXAMPLE
#EXAMPLE #1
#EXAMPLE #2
#EXPRESSION
#GERUND
#GISMU
#HAN CHARACTER
#HANJA
#HANJA READING
#HANZI
#HANZI WITH THE SAME PINYIN SYLLABLE
#HIRAGANA
#IDIOM
#INFIX
#INFLECTION
INITIALISM	NOUN
INJERJECTION	X
#INTERCETION	
#INTERFIX
INTERJECTION	X
#JAPANESE
#JYUTPING SYLLABLE
#KANJI
#KANJI READING
#KATAKANA CHARACTER
#KUN-READING OF:
#LETTER
#LIGATURE
#LUJVO
#MEANING
MEASURE WORD	NOUN
#MIN NAN
#NAURUAN
NOUN	NOUN
NOUN 1	NOUN
NOUN 2	NOUN
NOUN 3	NOUN
NOUN 4	NOUN
NOUN CLASS	NOUN
NOUN FORM	NOUN
NOUN STEM	NOUN
NUMBER	NUM
NUMERAL	NUM
#ON-READING OF:
ORDINAL NUMBER	ADJ
ORDINAL NUMERAL	ADJ
PARTICIPLE	VERB
PARTICIPLE	ADJ
PARTICLE	PRT
PERSONAL PRONOUN	PRON
#PHRASE	
#PINYIN
#PINYIN SYLLABLE
#PINYIN SYLLABLES
POSTPOSITION	ADP
#PREDICATIVE
#PREFIX
#PRENOUN
PREPOSITION	ADP
#PREPOSITIONAL PHRASE
#PREVERB
PRONOMINAL ADVERB	ADV
PRONOUN	PRON
PRONOUNOUN	PRON
#PRONUNCIATION
PROOUN	PRON
PROPER NOUN	NOUN
PROPER NOUNOUN	NOUN
PROPER OUN	NOUN
#PROVERB
PUNCTUATION MARK	.
#QUASI-ADJECTIVE	
#REFERENCES
#ROMAJI
#ROOT
#SEE ALSO
#SPANISH
#SUFFIX
#SUFFIX 1
#SUFFIX 2
#SYLLABLE
SYMBOL	X
#SYNONYMS
#TONED PINYIN SYLLABLE
#TONED PINYIN SYLLABLE (HANZI WITH THE SAME PINYIN SYLLABLE)
#TONELESS PINYIN SYLLABLE
#USAGE NOTES
VERB	VERB
VERB 1	VERB
VERB 2	VERB
VERB 3	VERB
VERB FORM	VERB
#VERB PREFIX	
#VERBAL NOUN